warning: unnecessary parentheses around cast expression
  --> $DIR/unused_parens_cast.rs:28:13
   |
LL |     let _ = (one) as f64;
   |             ^   ^
   |
note: the lint level is defined here
  --> $DIR/unused_parens_cast.rs:3:9
   |
LL | #![warn(unused_parens)]
   |         ^^^^^^^^^^^^^
help: remove these parentheses
   |
LL -     let _ = (one) as f64;
LL +     let _ = one as f64;
   |

warning: unnecessary parentheses around cast expression
  --> $DIR/unused_parens_cast.rs:30:13
   |
LL |     let _ = (inner::yet_inner::most_inner::VERY_LONG_PATH) as f64;
   |             ^                                            ^
   |
help: remove these parentheses
   |
LL -     let _ = (inner::yet_inner::most_inner::VERY_LONG_PATH) as f64;
LL +     let _ = inner::yet_inner::most_inner::VERY_LONG_PATH as f64;
   |

warning: unnecessary parentheses around cast expression
  --> $DIR/unused_parens_cast.rs:32:13
   |
LL |     let _ = (Foo(1.0f32).0) as f64;
   |             ^             ^
   |
help: remove these parentheses
   |
LL -     let _ = (Foo(1.0f32).0) as f64;
LL +     let _ = Foo(1.0f32).0 as f64;
   |

warning: unnecessary parentheses around cast expression
  --> $DIR/unused_parens_cast.rs:34:13
   |
LL |     let _ = (Foo(1.0f32).f32()) as f64;
   |             ^                 ^
   |
help: remove these parentheses
   |
LL -     let _ = (Foo(1.0f32).f32()) as f64;
LL +     let _ = Foo(1.0f32).f32() as f64;
   |

warning: unnecessary parentheses around cast expression
  --> $DIR/unused_parens_cast.rs:36:13
   |
LL |     let _ = (bar()) as f64;
   |             ^     ^
   |
help: remove these parentheses
   |
LL -     let _ = (bar()) as f64;
LL +     let _ = bar() as f64;
   |

warning: unnecessary parentheses around cast expression
  --> $DIR/unused_parens_cast.rs:39:13
   |
LL |     let _ = (baz[0]) as f64;
   |             ^      ^
   |
help: remove these parentheses
   |
LL -     let _ = (baz[0]) as f64;
LL +     let _ = baz[0] as f64;
   |

warning: unnecessary parentheses around cast expression
  --> $DIR/unused_parens_cast.rs:41:13
   |
LL |     let _ = (-1.0f32) as f64;
   |             ^       ^
   |
help: remove these parentheses
   |
LL -     let _ = (-1.0f32) as f64;
LL +     let _ = -1.0f32 as f64;
   |

warning: unnecessary parentheses around cast expression
  --> $DIR/unused_parens_cast.rs:44:13
   |
LL |     let _ = (*x) as f64;
   |             ^  ^
   |
help: remove these parentheses
   |
LL -     let _ = (*x) as f64;
LL +     let _ = *x as f64;
   |

warning: unnecessary parentheses around cast expression
  --> $DIR/unused_parens_cast.rs:47:13
   |
LL |     let _ = (true as u8) as u16;
   |             ^          ^
   |
help: remove these parentheses
   |
LL -     let _ = (true as u8) as u16;
LL +     let _ = true as u8 as u16;
   |

warning: unnecessary parentheses around cast expression
  --> $DIR/unused_parens_cast.rs:89:14
   |
LL |     new_rect((x) as f64, (y) as f64, (width) as f64, (height) as f64);
   |              ^ ^
   |
help: remove these parentheses
   |
LL -     new_rect((x) as f64, (y) as f64, (width) as f64, (height) as f64);
LL +     new_rect(x as f64, (y) as f64, (width) as f64, (height) as f64);
   |

warning: unnecessary parentheses around cast expression
  --> $DIR/unused_parens_cast.rs:89:26
   |
LL |     new_rect((x) as f64, (y) as f64, (width) as f64, (height) as f64);
   |                          ^ ^
   |
help: remove these parentheses
   |
LL -     new_rect((x) as f64, (y) as f64, (width) as f64, (height) as f64);
LL +     new_rect((x) as f64, y as f64, (width) as f64, (height) as f64);
   |

warning: unnecessary parentheses around cast expression
  --> $DIR/unused_parens_cast.rs:89:38
   |
LL |     new_rect((x) as f64, (y) as f64, (width) as f64, (height) as f64);
   |                                      ^     ^
   |
help: remove these parentheses
   |
LL -     new_rect((x) as f64, (y) as f64, (width) as f64, (height) as f64);
LL +     new_rect((x) as f64, (y) as f64, width as f64, (height) as f64);
   |

warning: unnecessary parentheses around cast expression
  --> $DIR/unused_parens_cast.rs:89:54
   |
LL |     new_rect((x) as f64, (y) as f64, (width) as f64, (height) as f64);
   |                                                      ^      ^
   |
help: remove these parentheses
   |
LL -     new_rect((x) as f64, (y) as f64, (width) as f64, (height) as f64);
LL +     new_rect((x) as f64, (y) as f64, (width) as f64, height as f64);
   |

warning: 13 warnings emitted

